<!DOCTYPE html>
<html lang="en">
<head>
	<meta charset="UTF-8">
	<title>Golden</title>
	<link rel="stylesheet" href="css/reset.css">
	<link rel="stylesheet" href="css/normalize.css">
	<link rel="stylesheet" href="css/style.css">
</head>
<body>

<!-- первый блок -->
<header>
	<div class="container__header clearfix">
		<img src="img/logo.png" alt="" class="logo">
		<nav>
			<ul>
				<li><a href="#">home</a></li>
				<li><a href="#">services</a></li>
				<li><a href="#">portfolio</a></li>
				<li><a href="#">about</a></li>
				<li><a href="#">contact</a></li>
			</ul>
		</nav>
	</div>

	<div class="container__titles">
		<span>Welcome To Our Studio!</span>
		<h1>It’s nice to Meet you</h1>
	</div>

	<a class="container__header-button" href="#">Tell Me More</a>
</header>


<!-- второй блок -->
<section>
	<div class="container__services">
		<div>
			<p>Services</p>
			<p>Proin iaculis purus consequat sem cure.</p>
		</div>

		<div class="container__services-box1">
			<img src="img/service_1.png" alt="">
			<h2>E-Commerce</h2>
			<span>Proin iaculis purus consequat sem cure
digni ssim. Donec porttitora entum suscipit
aenean rhoncus posuere odio in tincidunt.</span>
		</div>

		<div class="container__services-box2">
			<img src="img/service_2.png" alt="">
			<h2>Responsive Web</h2>
			<span>Proin iaculis purus consequat sem cure
digni ssim. Donec porttitora entum suscipit
aenean rhoncus posuere odio in tincidunt.</span>
		</div>

		<div class="container__services-box3">
			<img src="img/service_3.png" alt="">
			<h2>Web Security</h2>
			<span>Proin iaculis purus consequat sem cure
digni ssim. Donec porttitora entum suscipit
aenean rhoncus posuere odio in tincidunt.</span>
		</div>
	</div>
</section>


<!-- третий блок -->
<section>
	<div class="container_portfolio">
		<h2>Our portfolio</h2>
		<p>Proin iaculis purus consequat sem cure. </p>

		<img src="img/work_1.png" alt="">
		<img src="img/work_2.png" alt="">
		<img src="img/work_3.png" alt="">
	</div>
</section>

<!-- четвертый блок -->
<section>
	<div class="container_about">
		<h2>About Us</h2>
		<span>Proin iaculis purus consequat sem cure. </span>


		<div class="abouts">
			<div class="abouts_text">
				<h2><span>July 2010</span><br>Our Humble Beginnings</h2>
				<p>
					Proin iaculis purus consequat sem cure
					digni ssim. Donec porttitora entum suscipit
					aenean rhoncus posuere odio in tincidunt. Proin
					iaculis purus consequat sem cure digni
					ssim. Donec porttitora entum suscipit.
				</p>
			</div>
			<div class="about_img">
				<img src="img/about_1.png" alt="">
			</div>
		</div>


		<div class="abouts abouts_right">
			<div class="about_img">
				<img src="img/about_2.png" alt="">
			</div>
			<div class="abouts_text">
				<h2><span>January 2011</span> <br>Facing Startup Battles</h2>
				<p>
					Proin iaculis purus consequat sem cure
					digni ssim. Donec porttitora entum suscipit
					aenean rhoncus posuere odio in tincidunt. Proin
					iaculis purus consequat sem cure digni
					ssim. Donec porttitora entum suscipit aenean
					rhoncus posuere odio in tincidunt.
				</p>
			</div>
		</div>


		<div class="abouts">
			<div class="abouts_text">
				<h2><span>December 2012</span> <br>Enter The Dark Days</h2>
				<p>
					Proin iaculis purus consequat sem cure
					digni ssim. Donec porttitora entum suscipit
					aenean rhoncus posuere odio in tincidunt. Proin
					iaculis purus consequat sem cure digni.
				</p>
			</div>
			<div class="about_img">
				<img src="img/about_3.png" alt="">
			</div>
		</div>


		<div class="abouts abouts_right">
			<div class="about_img">
				<img src="img/about_4.png" alt="">
			</div>
			<div class="abouts_text">
				<h2><span>february 2014</span> <br>Our Triumph</h2>
				<p>
					Proin iaculis purus consequat sem cure 
					digni ssim. Donec porttitora entum suscipit
					aenean rhoncus posuere odio in tincidunt. Proin
					iaculis purus consequat sem cure digni
					ssim. Donec porttitora entum suscipit aenean.
				</p>
			</div>
		</div>

	</div>
</section>

</body>
</html>
